<?xml version="1.0" encoding="UTF-8"?>
<testsuites name="jest tests" tests="1" failures="0" errors="0" time="0.831">
  <testsuite name="Posts" errors="0" failures="0" skipped="0" timestamp="2023-12-03T18:27:36" time="0.562" tests="1">
    <testcase classname="Posts It renders multiple posts" name="Posts It renders multiple posts" time="0.023">
    </testcase>
  </testsuite>
</testsuites>